<?xml version="1.0" encoding="utf-8"?><testsuites><testsuite name="pytest" errors="0" failures="0" skipped="0" tests="12" time="0.135" timestamp="2025-12-11T10:41:18.879217" hostname="ldonley-MacBook-Pro"><testcase classname="tests.test_main" name="test_hello_endpoint" time="0.006" /><testcase classname="tests.test_main" name="test_health_endpoint" time="0.001" /><testcase classname="tests.test_main" name="test_add_endpoint" time="0.001" /><testcase classname="tests.test_main" name="test_add_large_numbers" time="0.001" /><testcase classname="tests.test_main" name="test_multiply_endpoint" time="0.001" /><testcase classname="tests.test_main" name="test_multiply_by_zero" time="0.001" /><testcase classname="tests.test_main" name="test_fibonacci_endpoint" time="0.001" /><testcase classname="tests.test_main" name="test_fibonacci_edge_cases" time="0.001" /><testcase classname="tests.test_main" name="test_calculate_fibonacci_negative" time="0.000" /><testcase classname="tests.test_main" name="test_fibonacci_too_large_error" time="0.001" /><testcase classname="tests.test_main" name="test_calculate_fibonacci_function" time="0.000" /><testcase classname="tests.test_main" name="test_calculate_fibonacci_larger_values" time="0.000" /></testsuite></testsuites>